../Core/Src/main.c:84:1:__io_putchar	16	static
../Core/Src/main.c:101:5:main	8	static
../Core/Src/main.c:179:6:SystemClock_Config	88	static
../Core/Src/main.c:227:13:MX_ADC1_Init	24	static
../Core/Src/main.c:279:13:MX_I2C1_Init	8	static
../Core/Src/main.c:313:13:MX_I2C2_Init	8	static
../Core/Src/main.c:347:13:MX_TIM13_Init	8	static
../Core/Src/main.c:378:13:MX_USART2_UART_Init	8	static
../Core/Src/main.c:411:13:MX_GPIO_Init	48	static
../Core/Src/main.c:450:5:fib	24	static
../Core/Src/main.c:469:6:Error_Handler	4	static,ignoring_inline_asm
